exports[`<Color.ColorPage> Template should render as expected 1`] = `
<div
  className="cPPbgF"
  color="white">
  <div
    className="ijXwvP">
    <button
      className="bwNSRs"
      onClick={[Function]}>
      <
    </button>
    <span
      className="gsqXms">
      Hello, World
    </span>
    <button
      className="bwNSRs"
      onClick={[Function]}>
      >
    </button>
  </div>
</div>
`;
